// Jest Snapshot v1, https://goo.gl/fbAQLP

exports[`renders correctly 1`] = `
<div
  className="container"
>
  <div
    className="icon"
  />
  <div
    className="content"
  >
    <h1 />
    <p />
  </div>
  <div
    className="btns"
  >
    <button
      className="btn btn--danger--solid btn--medium"
    >
      Edit
    </button>
    <button
      className="btn btn--danger--solid--btn btn--medium"
    >
      Delete
    </button>
  </div>
</div>
`;
