// Jest Snapshot v1, https://goo.gl/fbAQLP

exports[`renders correctly 1`] = `
<div>
  <h1
    className="main-title"
  >
    Ticket Types
  </h1>
  <div
    className="container"
  >
    <div
      className="icon"
    />
    <div
      className="content"
    >
      <h1>
        Ticket-Types A
      </h1>
      <p>
        asdf,ffff,f,f,f,f,f,fffffdrdbdb kjbk 
      </p>
    </div>
    <div
      className="btns"
    >
      <button
        className="btn btn--danger--solid btn--medium"
      >
        Edit
      </button>
      <button
        className="btn btn--danger--solid--btn btn--medium"
      >
        Delete
      </button>
    </div>
  </div>
  <div
    className="container"
  >
    <div
      className="icon"
    />
    <div
      className="content"
    >
      <h1>
        Ticket-Types B
      </h1>
      <p>
        asdf,ffff,f,f,f,f,f,fffffdrdbdbsefwa 
      </p>
    </div>
    <div
      className="btns"
    >
      <button
        className="btn btn--danger--solid btn--medium"
      >
        Edit
      </button>
      <button
        className="btn btn--danger--solid--btn btn--medium"
      >
        Delete
      </button>
    </div>
  </div>
  <div
    className="container"
  >
    <div
      className="icon"
    />
    <div
      className="content"
    >
      <h1>
        Ticket-Types C
      </h1>
      <p>
        asdf,ffff,f,f,f,f,f,fffffdrdbdbfdsf 
      </p>
    </div>
    <div
      className="btns"
    >
      <button
        className="btn btn--danger--solid btn--medium"
      >
        Edit
      </button>
      <button
        className="btn btn--danger--solid--btn btn--medium"
      >
        Delete
      </button>
    </div>
  </div>
  <div
    className="container"
  >
    <div
      className="icon"
    />
    <div
      className="content"
    >
      <h1>
        Ticket-Types D
      </h1>
      <p>
        asdf,ffff,f,f,f,f,f,fffffdrdbdbwtg 
      </p>
    </div>
    <div
      className="btns"
    >
      <button
        className="btn btn--danger--solid btn--medium"
      >
        Edit
      </button>
      <button
        className="btn btn--danger--solid--btn btn--medium"
      >
        Delete
      </button>
    </div>
  </div>
</div>
`;
