// Jest Snapshot v1, https://goo.gl/fbAQLP

exports[`renders correctly 1`] = `
Array [
  "I am the landing page!",
  <div
    className="main-features"
  >
    <div
      className="card"
    >
      <div
        className="card-image"
      >
        <img
          alt=""
          src="card-cat.jpeg"
        />
      </div>
      <div
        className="card-copy"
      >
        <h1>
          DOOM
        </h1>
        <h2>
          Video game series
        </h2>
        <p>
          Doom is a video game series and media franchise created by John Carmack, John Romero, Adrian Carmack, Kevin Cloud, and Tom Hall. The series focuses on the exploits of an unnamed space marine operating under the auspices of the Union Aerospace Corporation, who fights hordes of demons and the undead.
        </p>
      </div>
    </div>
    <div
      className="card"
    >
      <div
        className="card-image"
      >
        <img
          alt=""
          src="card-cat.jpeg"
        />
      </div>
      <div
        className="card-copy"
      >
        <h1>
          Wolfenstein
        </h1>
        <h2>
          Video game series
        </h2>
        <p>
          Wolfenstein is a series of World War II video games. It was originally created by Muse Software, before being revived by id Software. The first two games in the series, Castle Wolfenstein and Beyond Castle Wolfenstein, were developed by Muse Software and focused on stealth-based gameplay from a top-down perspective.
        </p>
      </div>
    </div>
    <div
      className="card"
    >
      <div
        className="card-image"
      >
        <img
          alt=""
          src="card-cat.jpeg"
        />
      </div>
      <div
        className="card-copy"
      >
        <h1>
          Quake
        </h1>
        <h2>
          Video game series
        </h2>
        <p>
          Quake is a series of first-person shooter video games, developed by id Software and, as of 2010, published by Bethesda Softworks. The series is composed of the eponymous game from 1996 and its nonlinear, standalone sequels which vary in setting and plot.
        </p>
      </div>
    </div>
  </div>,
]
`;
