// Jest Snapshot v1, https://goo.gl/fbAQLP

exports[`renders correctly 1`] = `
Array [
  <section
    className="container"
  >
    <div
      className="left-half"
    >
      <article>
        <h1>
          Super Size Me
        </h1>
        <p>
          Director Morgan Spurlock's social experiment in fast-food gastronomy sees him attempting to subsist uniquely on food from the McDonald's menu for an entire month. In the process his weight balloons, his energy level plummets and he experiences all sorts of unexpected -- and terrifying -- side effects. He also examines the corporate giant's growing role in the lives of American consumers and explores its methods of indoctrinating young people and its contribution to America's obesity epidemic.
        </p>
      </article>
      <button
        className="btn btn--primary--solid btn--medium"
      >
        Learn More
      </button>
    </div>
    <div
      className="right-half"
    >
      <article>
        <img
          alt="hello"
          className="cat"
          src="card-cat.jpeg"
        />
      </article>
    </div>
  </section>,
  <div
    className="main-features"
  >
    <div
      className="card"
    >
      <div
        className="card-image"
      >
        <img
          alt=""
          src="card-cat.jpeg"
        />
      </div>
      <div
        className="card-copy"
      >
        <h1>
          DOOM
        </h1>
        <h2>
          Video game series
        </h2>
        <p>
          Doom is a video game series and media franchise created by John Carmack, John Romero, Adrian Carmack, Kevin Cloud, and Tom Hall. The series focuses on the exploits of an unnamed space marine operating under the auspices of the Union Aerospace Corporation, who fights hordes of demons and the undead.
        </p>
      </div>
    </div>
    <div
      className="card"
    >
      <div
        className="card-image"
      >
        <img
          alt=""
          src="card-cat.jpeg"
        />
      </div>
      <div
        className="card-copy"
      >
        <h1>
          Wolfenstein
        </h1>
        <h2>
          Video game series
        </h2>
        <p>
          Wolfenstein is a series of World War II video games. It was originally created by Muse Software, before being revived by id Software. The first two games in the series, Castle Wolfenstein and Beyond Castle Wolfenstein, were developed by Muse Software and focused on stealth-based gameplay from a top-down perspective.
        </p>
      </div>
    </div>
    <div
      className="card"
    >
      <div
        className="card-image"
      >
        <img
          alt=""
          src="card-cat.jpeg"
        />
      </div>
      <div
        className="card-copy"
      >
        <h1>
          Quake
        </h1>
        <h2>
          Video game series
        </h2>
        <p>
          Quake is a series of first-person shooter video games, developed by id Software and, as of 2010, published by Bethesda Softworks. The series is composed of the eponymous game from 1996 and its nonlinear, standalone sequels which vary in setting and plot.
        </p>
      </div>
    </div>
  </div>,
  <footer>
    <div
      className="logos"
    >
      <img
        alt="Facebook"
        src="facebook.svg"
      />
      <img
        alt="Instagram"
        src="instagram.svg"
      />
      <img
        alt="Twitter"
        src="twitter.svg"
      />
    </div>
    <h3>
      I am the Footer
    </h3>
  </footer>,
]
`;
