// Jest Snapshot v1, https://goo.gl/fbAQLP

exports[`Connect component to Redux store should render with given state from Redux store 1`] = `
<nav
  className="NavbarItems"
>
  <img
    alt="navigation bar logo"
    src="Foxticket.png"
  />
  <h3
    className="nav-text"
  >
    Foxticket
  </h3>
  <ul
    className="nav-menu"
  >
    <a
      className="nav-links"
      href="/admin"
      onClick={[Function]}
    >
      Admin
    </a>
    <li
      className="nav-links"
    >
      Someone
    </li>
    <a
      className="nav-links"
      href="/"
      onClick={[Function]}
    >
      Logout
    </a>
  </ul>
</nav>
`;
